

[1G,32,test]  49021 263193 1484784 3170894 1466 -1 1.0069 1.0017 -1 -1 1.0086
[1G,32,test]  56886 139461 337642 530580 2264 -1 1.0060 1.0022 -1 -1 1.0089
[1G,32,test]  53740 95945 212861 367002 2361 -1 1.0050 1.0036 -1 -1 1.0047
[1G,32,test]  95945 160433 383779 624952 1429 -1 1.0051 1.0029 -1 -1 1.0030
[1G,32,test,,CN7] 13435 32900 42730 45876 5914 -1 1.0017 1.0015 -1 -1 1.0025
[2G,16,test,,CN7]  48497 77071 147850 1216349 1047 -1 1.0085 1.0054 -1 -1 1.0079
[2G,16,test,64,CN7]  22676 110625 501220 1300235 1649 -1 1.0033 1.0080 -1 -1 1.0152
[2G,16,test,64,CN7]  15270 76022 522191 683672 2903 1.0023 1.0116 1.0080 1.0033 1.0018 1.0064
[4G,16,test,1,CN7]  6128 8225 13304 18482 6299 1.0037 1.0085 1.0076 1.0033 1.0020 1.0032
[4G,16,test,2,CN7]  7242 9372 14353 20055 6197 1.0029 1.0056 1.0115 1.0035 1.0022 1.0042
[4G,16,test,3,CN7]  7635 9896 14746 17695 6362 1.0050 1.0174 1.0175 1.0032 1.0026 1.0038
[4G,16,test,4,CN7]  8455 11731 16909 26608 6246 1.0040 1.0155 1.0073 1.0030 1.0025 1.0040
[4G,16,test,5,CN7]  9241 12518 16909 20317 6374 1.0044 1.0106 1.0211 1.0038 1.0028 1.0060
[4G,16,test,6,CN7] 11731 15139 23725 31851 6724 1.0030 1.0052 1.0335 1.0040 1.0021 1.0039
[4G,16,test,8,CN7] 11731 15008 20841 26084 6701 1.0031 1.0069 1.0070 1.0043 1.0031 1.0089
[4G,16,test,16,CN7] 11863 15270 20579 23462 6703 1.0040 1.0032 1.0026 1.0045 1.0021 1.0113
[4G,16,test,32,CN7] 11469 15008 21365 25822 6688 1.0035 1.0039 1.0030 1.0035 1.0024 1.0098
[4G,16,test,64,CN7] 11338 14615 19006 22676 6678 1.0022 1.0185 1.0026 1.0047 1.0023 1.0136
[4G,16,test,128,CN7] 11338 14877 19792 24511 6730 1.0033 1.0037 1.0088 1.0035 1.0024 1.0065
[4G,16,test,1,CN7]  955 16057 476054 775947 4888 1.0031 1.0049 1.0102 1.0029 1.0019 1.0122
[4G,16,test,2,CN7]  12780 20579 72877 329253 3778 1.0033 1.0015 1.0121 1.0046 1.0015 1.0024
[4G,16,test,3,CN7]  1205 7701 843056 1652556 3577 1.0036 1.0022 1.0034 1.0040 1.0013 1.0035
[4G,16,test,4,CN7]  1037 100140 320865 549454 4883 1.0033 1.0027 1.0036 1.0055 1.0023 1.0054
[4G,16,test,5,CN7]  11207 46400 147850 367002 4308 1.0034 1.0022 1.0021 1.0034 1.0020 1.0217
[4G,16,test,6,CN7]  19792 39584 103285 145753 4052 1.0016 1.0034 1.0049 1.0045 1.0016 1.0132
[4G,16,test,8,CN7]  5211 77071 196084 392168 4860 1.0015 1.0026 1.0063 1.0047 1.0016 1.0024
[4G,16,test,16,CN7]  1188 88605 242222 683672 5027 1.0018 1.0038 1.0175 1.0020 1.0021 1.0035
[4G,16,test,32,CN7]  1139 89654 254804 616563 4952 1.0014 1.0021 1.0074 1.0039 1.0016 1.0026
[4G,16,test,64,CN7]  20055 34866 100140 177210 4073 1.0020 1.0059 1.0041 1.0026 1.0017 1.0015
[4G,16,test,128,CN7]  1123 91751 217056 329253 4986 1.0024 1.0060 1.0020 1.0055 1.0018 1.0018
[4G,16,test,1,CN7]  1172 105382 270533 1988101 3381 1.0014 1.0017 1.0017 1.0024 1.0016 1.0019
[4G,16,test,2,CN7]  3785 119014 425722 1535116 3117 1.0021 1.0032 1.0017 1.0065 1.0018 1.0019
[4G,16,test,3,CN7]  16450 73925 683672 1451230 2777 1.0020 1.0030 1.0019 1.0054 1.0019 1.0020
[4G,16,test,4,CN7]  26608 42730 125305 530580 2372 1.0019 1.0031 1.0017 1.0040 1.0021 1.0023
[4G,16,test,5,CN7]  1106 107480 1266680 2399142 2526 1.0022 1.0022 1.0017 1.0050 1.0016 1.0017
[4G,16,test,6,CN7]  4686 110625 541066 1149240 2724 1.0019 1.0035 1.0021 1.0028 1.0044 1.0017
[4G,16,test,8,CN7]  1123 244319 541066 750781 2688 1.0017 1.0029 1.0021 1.0025 1.0020 1.0020
[4G,16,test,16,CN7]  1123 109577 1551893 3573548 2387 1.0017 1.0030 1.0019 1.0284 1.0018 1.0019
[4G,16,test,32,CN7]  1123 196084 817890 1199571 2489 1.0018 1.0047 1.0016 1.0145 1.0018 1.0020
[4G,16,test,64,CN7]  1090 235930 641729 1010828 2621 1.0015 1.0039 1.0014 1.0050 1.0014 1.0019
[4G,16,test,128,CN7]  14484 66323 534774 952108 3236 1.0015 1.0016 1.0020 1.0019 1.0018 1.0019
[4G,16,test,1,CN7]  26346 141558 333448 1367344 1596 1.0014 1.0014 1.0020 1.0016 1.0017 1.0019
[4G,16,test,2,CN7]  22152 87557 826278 2969568 1839 1.0021 1.0019 1.0013 1.0029 1.0019 1.0015
[4G,16,test,3,CN7]  988 117965 1166017 1753220 2349 1.0019 1.0018 1.0014 1.0075 1.0011 1.0018
[4G,16,test,4,CN7]  31851 43779 93848 164627 2038 1.0015 1.0016 1.0017 1.0028 1.0012 1.0015
[4G,16,test,5,CN7]  25560 35390 90702 244319 2668 1.0019 1.0016 1.0018 1.0017 1.0009 1.0013
[4G,16,test,6,CN7]  33424 61604 160433 583009 2170 1.0026 1.0018 1.0016 1.0042 1.0017 1.0016
[4G,16,test,8,CN7]  20055 129500 692061 1216349 2186 1.0019 1.0017 1.0017 1.0241 1.0016 1.0016
[4G,16,test,16,CN7]  21103 119014 522191 1052771 2411 1.0020 1.0013 1.0017 1.0025 1.0013 1.0011
[4G,16,test,32,CN7]  34866 131597 517997 2021655 1905 1.0016 1.0018 1.0019 1.0031 1.0016 1.0016
[4G,16,test,64,CN7]  1106 254804 1166017 2432697 1966 1.0025 1.0015 1.0016 1.0037 1.0021 1.0014
[4G,16,test,128,CN7]  17171 63701 225444 624952 2686 1.0014 1.0019 1.0018 1.0022 1.0016 1.0018
[16G,16,1client/3ost/1oss,1,CN7]  13173 19268 52691 229639 5653 1.0026 1.0072 1.0078 1.0106 1.0026 1.0325
[16G,16,1client/3ost/1oss,1,CN7] 12518 16057 23200 30278 6217 1.0024 1.0074 1.0040 1.0086 1.0020 1.0032
[16G,16,1client/3ost/1oss,1,CN7] 12518 16450 30016 39584 5919 1.0032 1.0051 1.0045 1.0110 1.0023 1.0040
[16G,16,1client/3ost/1oss,1,CN7] 12125 15795 25297 39584 5876 1.0025 1.0034 1.0032 1.0111 1.0019 1.0022
[32G,16,1client/3ost/2oss,1,CN7]  5538 7635 57934 265290 5165 1.0215 1.0206 1.0015 1.0190 1.0018 1.0100
[32G,16,1client/3ost/2oss,2,CN7]  6849 9110 31851 202376 5527 1.0129 1.0093 1.0047 1.0220 1.0015 1.0039
[32G,16,1client/3ost/2oss,3,CN7]  8225 11338 20841 54789 6138 1.0022 1.0018 1.0017 1.0032 1.0022 1.0051
[32G,16,1client/3ost/2oss,4,CN7]  9241 11863 22414 120062 5605 1.0019 1.0016 1.0018 1.0020 1.0073 1.0022
[32G,16,1client/3ost/2oss,5,CN7]  8717 13435 31851 101188 5965 1.0018 1.0017 1.0024 1.0029 1.0021 1.0025
[32G,16,1client/3ost/2oss,6,CN7] 12780 16581 26346 68682 6065 1.0019 1.0017 1.0020 1.0067 1.0021 1.0017
[32G,16,1client/3ost/2oss,8,CN7]  12911 16450 27919 229639 6014 1.0022 1.0087 1.0022 1.0046 1.0021 1.0020
[32G,16,1client/3ost/2oss,16,CN7] 12649 16319 26084 41681 6095 1.0029 1.0019 1.0022 1.0018 1.0021 1.0021
[32G,16,1client/3ost/2oss,32,CN7] 12780 16581 28967 66323 6096 1.0020 1.0024 1.0021 1.0021 1.0020 1.0020
[32G,16,1client/3ost/2oss,64,CN7]  12518 16319 28443 189793 6015 1.0023 1.0019 1.0024 1.0018 1.0020 1.0087
[32G,16,1client/3ost/2oss,128,CN7] 12780 16581 28181 51643 6098 1.0025 1.0023 1.0025 1.0021 1.0021 1.0018
[32G,16,2client/3ost/2oss,1,CN7]  6325 51119 223347 471860 4091 1.0023 1.0018 1.0016 1.0023 1.0022 1.0020
[32G,16,2client/3ost/2oss,2,CN7]  13829 45351 196084 350225 3303 1.0024 1.0021 1.0020 1.0024 1.0018 1.0025
[32G,16,2client/3ost/2oss,3,CN7]  8455 24249 425722 1333789 4081 1.0019 1.0020 1.0018 1.0020 1.0018 1.0020
[32G,16,2client/3ost/2oss,4,CN7]  14877 41157 181404 421528 3537 1.0019 1.0019 1.0026 1.0019 1.0021 1.0018
[32G,16,2client/3ost/2oss,5,CN7]  10683 29492 400557 1367344 3875 1.0021 1.0020 1.0017 1.0028 1.0026 1.0060
[32G,16,2client/3ost/2oss,6,CN7]  14222 50070 233833 708838 4190 1.0019 1.0019 1.0019 1.0033 1.0067 1.0018
[32G,16,2client/3ost/2oss,8,CN7]  13960 44827 246416 641729 4166 1.0018 1.0016 1.0019 1.0019 1.0020 1.0022
[32G,16,2client/3ost/2oss,16,CN7]  15664 48497 246416 583009 4190 1.0018 1.0018 1.0020 1.0031 1.0019 1.0020
[32G,16,2client/3ost/2oss,32,CN7]  8717 57410 250610 509608 4432 1.0022 1.0019 1.0021 1.0017 1.0023 1.0019
[32G,16,2client/3ost/2oss,64,CN7]  12518 33162 240124 541066 4284 1.0019 1.0018 1.0024 1.0019 1.0021 1.0022
[32G,16,2client/3ost/2oss,128,CN7]  21103 47449 200279 522191 3792 1.0020 1.0111 1.0020 1.0028 1.0021 1.0060
[32G,16,3client/3ost/2oss,1,CN7]  1221 193987 312476 497026 2520 1.0120 1.0213 1.0278 1.0240 1.0219 1.0276
[32G,16,3client/3ost/2oss,2,CN7]  21890 104334 367002 843056 2417 1.0084 1.0031 1.0159 1.0078 1.0277 1.0018
[32G,16,3client/3ost/2oss,3,CN7]  23462 62129 248513 734004 2456 1.0028 1.0363 1.0028 1.0198 1.0056 1.0060
[32G,16,3client/3ost/2oss,4,CN7]  26084 70779 193987 658506 2424 1.0142 1.0072 1.0519 1.0274 1.0149 1.0290
[32G,16,3client/3ost/2oss,5,CN7]  36963 71828 187696 1115685 1986 1.0641 1.0084 1.1082 1.0328 1.0747 1.0250
[32G,16,3client/3ost/2oss,6,CN7]  34341 66323 166724 809501 2348 1.0678 1.0058 1.0298 1.0069 1.0205 1.0130
[32G,16,3client/3ost/2oss,8,CN7]  31851 76022 214959 675283 2357 1.0552 1.0082 1.0496 1.0049 1.0387 1.0138
[32G,16,3client/3ost/2oss,16,CN7]  34341 67634 350225 1283458 2186 1.0186 1.0147 1.0243 1.0095 1.0270 1.0305
[32G,16,3client/3ost/2oss,32,CN7]  40109 77071 191890 608175 2127 1.0924 1.0100 1.0415 1.0179 1.0621 1.0426
[32G,16,3client/3ost/2oss,64,CN7]  32900 73925 156238 1027605 2254 1.0947 1.0147 1.0550 1.0197 1.0357 1.0230
[32G,16,3client/3ost/2oss,128,CN7]  36963 62653 333448 2264925 2222 1.0265 1.0092 1.0107 1.0105 1.0184 1.0107
[32G,16,3client/3ost/2oss,1,CN7]  17695 265290 658506 1585447 1119 1.1546 1.0396 1.0311 1.1423 1.0711 1.0386
[32G,16,3client/3ost/2oss,2,CN7]  46400 99091 274727 484443 1412 1.0934 1.1104 1.0508 1.0875 1.0592 1.0934
[32G,16,3client/3ost/2oss,3,CN7]  51643 92799 248513 446694 1375 1.1255 1.1605 1.1449 1.1285 1.1253 1.0958
[32G,16,3client/3ost/2oss,4,CN7]  57410 120062 346031 801113 1240 1.1533 1.0697 1.1740 1.0887 1.2012 1.2034
[32G,16,3client/3ost/2oss,5,CN7]  61080 147850 455082 1417675 1275 1.1533 1.1764 1.2083 1.1145 1.2123 1.2136
[32G,16,3client/3ost/2oss,6,CN7]  67634 122160 248513 413139 1360 1.1902 1.0357 1.2092 1.0722 1.1646 1.0710
[32G,16,3client/3ost/2oss,8,CN7]  66847 110625 265290 2055209 1427 1.0926 1.0136 1.0726 1.0243 1.0742 1.0115
[32G,16,3client/3ost/2oss,16,CN7]  51643 139461 501220 2634023 1413 1.1564 1.0489 1.1184 1.0356 1.0551 1.0245
[32G,16,3client/3ost/2oss,32,CN7]  53740 110625 202376 641729 1498 1.1386 1.0111 1.0363 1.0183 1.0269 1.0073
[32G,16,3client/3ost/2oss,64,CN7]  62653 124257 242222 583009 1398 1.2184 1.0301 1.0817 1.1071 1.0221 1.0379
[32G,16,3client/3ost/2oss,128,CN7]  55837 95945 187696 270533 1629 1.0812 1.0104 1.0104 1.0159 1.0186 1.0088
[32G,16,1client/3ost/2oss/GC,1,CN7]  5800 7832 46924 1266680 5305 1.0032 1.0102 1.0037 1.0147 1.0129 1.0052
[32G,16,1client/3ost/2oss/GC,2,CN7]  6718 9110 39060 742392 5304 1.0102 1.0206 1.0204 1.0189 1.0110 1.0118
[32G,16,1client/3ost/2oss/GC,3,CN7]  8029 10945 74974 1035994 5379 1.0059 1.0187 1.0091 1.0148 1.0045 1.0215
[32G,16,1client/3ost/2oss/GC,4,CN7]  8160 11731 36439 497026 5766 1.0038 1.0161 1.0112 1.0116 1.0026 1.0054
[32G,16,1client/3ost/2oss/GC,5,CN7]  10028 14746 68682 801113 5509 1.0053 1.0190 1.0112 1.0196 1.0103 1.0099
[32G,16,1client/3ost/2oss/GC,6,CN7]  12518 17171 66323 450888 5745 1.0047 1.0197 1.0127 1.0209 1.0109 1.0245
[32G,16,1client/3ost/2oss/GC,8,CN7]  13042 16450 62129 488637 5698 1.0057 1.0206 1.0129 1.0259 1.0071 1.0170
[32G,16,1client/3ost/2oss/GC,16,CN7]  12256 16319 91751 455082 5821 1.0038 1.0233 1.0118 1.0210 1.0062 1.0206
[32G,16,1client/3ost/2oss/GC,32,CN7]  13173 16909 30016 316670 5820 1.0053 1.0156 1.0097 1.0210 1.0076 1.0165
[32G,16,1client/3ost/2oss/GC,64,CN7]  12911 16909 54264 274727 5755 1.0061 1.0146 1.0127 1.0239 1.0122 1.0225
[32G,16,1client/3ost/2oss/GC,128,CN7]  13042 17171 36963 329253 5789 1.0048 1.0216 1.0127 1.0208 1.0070 1.0192
[32G,16,2client/3ost/2oss/GC,1,CN7]  14222 17695 43254 1400898 2535 1.0043 1.0272 1.0093 1.0155 1.0073 1.0243
[32G,16,2client/3ost/2oss/GC,2,CN7]  18482 24773 49546 2004878 2322 1.0101 1.1427 1.0768 1.0584 1.0651 1.0499
[32G,16,2client/3ost/2oss/GC,3,CN7]  20317 26870 51119 1233126 2626 1.0063 1.0296 1.0433 1.0492 1.0359 1.0326
[32G,16,2client/3ost/2oss/GC,4,CN7]  21890 30016 63177 1035994 2642 1.0068 1.0237 1.0270 1.0337 1.0287 1.0314
[32G,16,2client/3ost/2oss/GC,5,CN7]  23462 33817 84411 1149240 2756 1.0071 1.0219 1.0240 1.0317 1.0325 1.0311
[32G,16,2client/3ost/2oss/GC,6,CN7]  33817 43254 113771 1082131 2801 1.0108 1.0210 1.0267 1.0311 1.0322 1.0343
[32G,16,2client/3ost/2oss/GC,8,CN7]  33162 42730 196084 1182794 2774 1.0079 1.0285 1.0301 1.0281 1.0299 1.0292
[32G,16,2client/3ost/2oss/GC,16,CN7]  33424 41681 152044 1182794 2774 1.0122 1.0270 1.0253 1.0274 1.0325 1.0266
[32G,16,2client/3ost/2oss/GC,32,CN7]  33817 42730 64226 1199571 2769 1.0098 1.0255 1.0248 1.0293 1.0248 1.0217
[32G,16,2client/3ost/2oss/GC,64,CN7]  33162 42206 145753 1010828 2823 1.0121 1.0231 1.0241 1.0245 1.0264 1.0272
[32G,16,2client/3ost/2oss/GC,128,CN7]  33424 42730 114820 1182794 2769 1.0106 1.0215 1.0270 1.0293 1.0264 1.0304
[32G,16,3client/3ost/2oss/GC,1,CN7]  21627 28705 70779 1249903 1848 1.0120 1.0292 1.0437 1.0348 1.0315 1.0249
[32G,16,3client/3ost/2oss/GC,2,CN7]  26608 32375 70779 1468007 1605 1.0064 1.0122 1.0202 1.0275 1.0216 1.0192
